// Jest Snapshot v1, https://goo.gl/fbAQLP

exports[`App tests should match with snapshot 1`] = `
<div id="app" class="todoapp">
  <router-view-stub name="default"></router-view-stub>
</div>
`;
