// Jest Snapshot v1, https://goo.gl/fbAQLP

exports[`InputTodo tests should match with snapshot 1`] = `<div id="newTodo"><input type="text" class="new-todo" autofocus="" placeholder="new todo..." aria-label="Add a new Todo" data-id-test="input"></div>`;
